Error: hello
    at scopeThrow (/scripts/promise-child-stack.js:r:c)
    at emitInitNative (node:internal/async_hooks:r:c)
    at emitInitScript (node:internal/async_hooks:r:c)
    at promiseInitHook (node:internal/async_hooks:r:c)
    at promiseInitHookWithDestroyTracking (node:internal/async_hooks:r:c)
    at Promise.then (<anonymous>)
    at Object.<anonymous> (/scripts/promise-child-stack.js:r:c)
    at emitInitNative (node:internal/async_hooks:r:c)
    at emitInitScript (node:internal/async_hooks:r:c)
    at promiseInitHook (node:internal/async_hooks:r:c)
    at promiseInitHookWithDestroyTracking (node:internal/async_hooks:r:c)
    at Function.resolve (<anonymous>)
    at Object.<anonymous> (/scripts/promise-child-stack.js:r:c)
    at Module._compile (node:internal/modules/cjs/loader:r:c)
    at Module._extensions..js (node:internal/modules/cjs/loader:r:c)
    at Module.load (node:internal/modules/cjs/loader:r:c)
    at Module._load (node:internal/modules/cjs/loader:r:c)
    at Function.executeUserEntryPoint [as runMain] (node:internal/modules/run_main:r:c)
    at node:internal/main/run_main_module:r:c
