warning: you are using async-hook which is unstable.
